<html>
<body>
<pre>
<h1>µVision Build Log</h1>
<h2>Project:</h2>
F:\fan\TestPrintf\Projects\MDK-ARM\TestPrintf.uvproj
Project File Date:  05/14/2014

<h2>Output:</h2>
Rebuild target 'TestPrintf Configuration'
assembling startup_stm32f407xx.s...
compiling main.c...
compiling stm32f4xx_hal_msp.c...
compiling stm32f4xx_it.c...
compiling Retarget.c...
compiling stm32f4XX_hal_debug.c...
compiling system_stm32f4xx.c...
compiling stm32f4xx_hal.c...
compiling stm32f4xx_hal_cortex.c...
compiling stm32f4xx_hal_dma.c...
compiling stm32f4xx_hal_dma_ex.c...
compiling stm32f4xx_hal_flash.c...
compiling stm32f4xx_hal_flash_ex.c...
compiling stm32f4xx_hal_gpio.c...
compiling stm32f4xx_hal_pwr.c...
compiling stm32f4xx_hal_pwr_ex.c...
compiling stm32f4xx_hal_rcc.c...
compiling stm32f4xx_hal_rcc_ex.c...
compiling stm32f4xx_hal_uart.c...
linking...
Program Size: Code=4136 RO-data=440 RW-data=28 ZI-data=1156  
"TestPrintf Configuration\TestPrintf Configuration.axf" - 0 Error(s), 0 Warning(s).
